// Vitest Snapshot v1, https://vitest.dev/guide/snapshot.html

exports[`compute Sole 1`] = `"sole: Trivial"`;
