// Vitest Snapshot v1, https://bun:test.dev/guide/snapshot.html

exports[`compute Sigma 1`] = `"Pair(Type, Type): Type"`;
