// Vitest Snapshot v1, https://bun:test.dev/guide/snapshot.html

exports[`compute String 1`] = `"String: Type"`;
