// Vitest Snapshot v1, https://bun:test.dev/guide/snapshot.html

exports[`compute Type 1`] = `"Type: Type"`;
