// Vitest Snapshot v1, https://vitest.dev/guide/snapshot.html

exports[`compute Dot -- JSON 1`] = `""Hi!": String"`;
