// Vitest Snapshot v1, https://vitest.dev/guide/snapshot.html

exports[`compute Objekt -- JSON 1`] = `
"{
  "Hello, World!": "Hi!"
}: class {
  "Hello, World!": String = "Hi!"
}"
`;
