// Vitest Snapshot v1, https://bun:test.dev/guide/snapshot.html

exports[`compute Fn return type -- stmts 1`] = `"(T, x) => x: (T: Type, T) -> T"`;

exports[`compute Fn with return type 1`] = `
"(T, x) => x: (T: Type, T) -> T
(x) => x: (Type) -> Type"
`;
