// Vitest Snapshot v1, https://vitest.dev/guide/snapshot.html

exports[`compute Ap > "Type: Type" 1`] = `"Type: Type"`;

exports[`compute Ap: "Type: Type" 1`] = `"Type: Type"`;

exports[`compute Ap 1`] = `"Type: Type"`;
