// Vitest Snapshot v1, https://vitest.dev/guide/snapshot.html

exports[`compute Trivial 1`] = `"Trivial: Type"`;
