// Vitest Snapshot v1, https://vitest.dev/guide/snapshot.html

exports[`compute FnImplicit 1`] = `"(implicit T, x) => T: (implicit T: Type, T) -> Type"`;
