// Vitest Snapshot v1, https://bun:test.dev/guide/snapshot.html

exports[`compute Clazz 1`] = `
"class {
  T: Type
  x: T
}: Type
class {
  a: String
  b: String
  c: String
}: Type
class {
  a: String
  b: String = "b"
  c: String
}: Type"
`;
