// Vitest Snapshot v1, https://bun:test.dev/guide/snapshot.html

exports[`compute Dot 1`] = `
""a": String
"b": String
"c": String"
`;
