// Vitest Snapshot v1, https://bun:test.dev/guide/snapshot.html

exports[`solve Type 1`] = `"{}"`;
