// Vitest Snapshot v1, https://vitest.dev/guide/snapshot.html

exports[`solve FnImplicit -- alpha equivalence 1`] = `"{}"`;

exports[`solve FnImplicit -- deepWalk 1`] = `
"{
  T: String,
  f: (implicit _) => String
}"
`;
