// Vitest Snapshot v1, https://bun:test.dev/guide/snapshot.html

exports[`solve Box 1`] = `
"{
  x: "abc",
  y: cons("abc", sole),
  z: cons(cons("abc", sole), sole)
}"
`;
