// Vitest Snapshot v1, https://vitest.dev/guide/snapshot.html

exports[`solve Sole -- abc 1`] = `
"{
  a: sole,
  b: sole,
  c: sole
}"
`;

exports[`solve Sole 1`] = `"{}"`;
