// Vitest Snapshot v1, https://bun:test.dev/guide/snapshot.html

exports[`equivalent Type 1`] = `"refl(implicit Type, implicit Type): Equal(Type, Type, Type)"`;
