// Vitest Snapshot v1, https://bun:test.dev/guide/snapshot.html

exports[`equivalent Trivial 1`] = `"refl(implicit Type, implicit Trivial): Equal(Type, Trivial, Trivial)"`;
