refl(implicit Trivial, implicit sole): Equal(Trivial, sole, sole)
refl(implicit Trivial, implicit sole): Equal(Trivial, sole, sole)
refl(implicit Trivial, implicit sole): Equal(Trivial, sole, sole)
refl(implicit Trivial, implicit sole): Equal(Trivial, sole, sole)
refl(implicit Trivial, implicit sole): Equal(Trivial, sole, sole)
refl(implicit Trivial, implicit sole): Equal(Trivial, sole, sole)
